// Jest Snapshot v1, https://goo.gl/fbAQLP

exports[`Profile component renders correctly 1`] = `
<RCTScrollView>
  <View>
    <View
      style={
        Object {
          "alignItems": "center",
          "backgroundColor": "#eee",
          "height": "100%",
          "width": "100%",
        }
      }
    >
      <View>
        <Image
          source={
            Object {
              "testUri": "../../../client/component/imgs/icon.png",
            }
          }
          style={
            Object {
              "backgroundColor": "#336699",
              "borderRadius": 60,
              "height": 120,
              "marginBottom": 20,
              "marginTop": 20,
              "padding": 5,
              "width": 120,
            }
          }
        />
      </View>
      <Text
        style={
          Object {
            "backgroundColor": "#fff",
            "color": "#000",
            "fontSize": 17,
            "fontWeight": "bold",
            "marginBottom": 2,
            "marginTop": 2,
            "padding": 20,
            "width": "100%",
          }
        }
      >
         Sophia Lee 
      </Text>
      <View
        removeClippedSubviews={false}
        style={
          Array [
            Object {
              "backgroundColor": "transparent",
              "flexDirection": "row",
            },
            Object {
              "height": 40,
              "margin": 10,
            },
          ]
        }
      >
        <View
          accessibilityComponentType="button"
          accessibilityLabel="Itineraries"
          accessibilityTraits="selected"
          accessible={true}
          isTVSelectable={true}
          onResponderGrant={[Function]}
          onResponderMove={[Function]}
          onResponderRelease={[Function]}
          onResponderTerminate={[Function]}
          onResponderTerminationRequest={[Function]}
          onStartShouldSetResponder={[Function]}
          style={
            Object {
              "alignItems": "center",
              "backgroundColor": "#0076FF",
              "borderBottomLeftRadius": 5,
              "borderColor": "#0076FF",
              "borderRightWidth": 0,
              "borderTopLeftRadius": 5,
              "borderWidth": 1,
              "flex": 1,
              "justifyContent": "center",
              "opacity": 1,
              "paddingVertical": 5,
            }
          }
        >
          <View
            style={
              Object {
                "flexDirection": "row",
              }
            }
          >
            <Text
              allowFontScaling={false}
              ellipsizeMode="tail"
              numberOfLines={1}
              style={
                Array [
                  Object {
                    "color": "#0076FF",
                  },
                  Object {},
                  Array [
                    Object {
                      "color": "white",
                    },
                    Object {},
                  ],
                ]
              }
            >
              Itineraries
            </Text>
          </View>
        </View>
        <View
          accessibilityComponentType="button"
          accessibilityLabel="Stops"
          accessibilityTraits="button"
          accessible={true}
          isTVSelectable={true}
          onResponderGrant={[Function]}
          onResponderMove={[Function]}
          onResponderRelease={[Function]}
          onResponderTerminate={[Function]}
          onResponderTerminationRequest={[Function]}
          onStartShouldSetResponder={[Function]}
          style={
            Object {
              "alignItems": "center",
              "backgroundColor": "white",
              "borderColor": "#0076FF",
              "borderWidth": 1,
              "flex": 1,
              "justifyContent": "center",
              "marginLeft": -1,
              "opacity": 1,
              "paddingVertical": 5,
            }
          }
        >
          <View
            style={
              Object {
                "flexDirection": "row",
              }
            }
          >
            <Text
              allowFontScaling={false}
              ellipsizeMode="tail"
              numberOfLines={1}
              style={
                Array [
                  Object {
                    "color": "#0076FF",
                  },
                  Object {},
                  Object {},
                ]
              }
            >
              Stops
            </Text>
          </View>
        </View>
        <View
          accessibilityComponentType="button"
          accessibilityLabel="Favorites"
          accessibilityTraits="button"
          accessible={true}
          isTVSelectable={true}
          onResponderGrant={[Function]}
          onResponderMove={[Function]}
          onResponderRelease={[Function]}
          onResponderTerminate={[Function]}
          onResponderTerminationRequest={[Function]}
          onStartShouldSetResponder={[Function]}
          style={
            Object {
              "alignItems": "center",
              "backgroundColor": "white",
              "borderBottomRightRadius": 5,
              "borderColor": "#0076FF",
              "borderLeftWidth": 0,
              "borderTopRightRadius": 5,
              "borderWidth": 1,
              "flex": 1,
              "justifyContent": "center",
              "opacity": 1,
              "paddingVertical": 5,
            }
          }
        >
          <View
            style={
              Object {
                "flexDirection": "row",
              }
            }
          >
            <Text
              allowFontScaling={false}
              ellipsizeMode="tail"
              numberOfLines={1}
              style={
                Array [
                  Object {
                    "color": "#0076FF",
                  },
                  Object {},
                  Object {},
                ]
              }
            >
              Favorites
            </Text>
          </View>
        </View>
      </View>
    </View>
  </View>
</RCTScrollView>
`;
